<test-html test="HelloSunshine">
  <h1>Hello sunshine</h1>
  <style expected>
    .hello>* {
      color: red;
    }
  </style>
  <script type="test">
    document.querySelector("style").textContent = ".hello > * {color: red;}";
  </script>
</test-html>

<!-- Note!! You must load the test-html component at the end -->
<script src="https://cdn.jsdelivr.net/gh/orstavik/TestHTML@v1.2.3/TestHTMLexpected.js"></script>